[htmldemo.zcubethemes.com/scholary/index.html]
[backblue.gif]
[fade.gif]
[index.html]
[htmldemo.zcubethemes.com/scholary/img/favicon.ico]
[htmldemo.zcubethemes.com/scholary/img/logo/logo.png]
[htmldemo.zcubethemes.com/scholary/index-2.html]
[htmldemo.zcubethemes.com/scholary/index-3.html]
[htmldemo.zcubethemes.com/scholary/about.html]
[htmldemo.zcubethemes.com/scholary/courses.html]
[htmldemo.zcubethemes.com/scholary/courses-2.html]
[htmldemo.zcubethemes.com/scholary/single-courses.html]
[htmldemo.zcubethemes.com/scholary/single-courses-2.html]
[htmldemo.zcubethemes.com/scholary/projects.html]
[htmldemo.zcubethemes.com/scholary/single-projects.html]
[htmldemo.zcubethemes.com/scholary/event.html]
[htmldemo.zcubethemes.com/scholary/single-event.html]
[htmldemo.zcubethemes.com/scholary/pricing.html]
[htmldemo.zcubethemes.com/scholary/faq.html]
[htmldemo.zcubethemes.com/scholary/team.html]
[htmldemo.zcubethemes.com/scholary/team-single.html]
[htmldemo.zcubethemes.com/scholary/404-error.html]
[htmldemo.zcubethemes.com/scholary/blog.html]
[htmldemo.zcubethemes.com/scholary/blog-details.html]
[htmldemo.zcubethemes.com/scholary/contact.html]
[htmldemo.zcubethemes.com/scholary/img/slider/slider_bg.png]
[htmldemo.zcubethemes.com/scholary/img/slider/slider_shape01.png]
[htmldemo.zcubethemes.com/scholary/img/slider/phone-call-01.png]
[htmldemo.zcubethemes.com/scholary/img/icon/sve-icon4.png]
[htmldemo.zcubethemes.com/scholary/img/icon/sve-icon5.png]
[htmldemo.zcubethemes.com/scholary/img/icon/sve-icon6.png]
[htmldemo.zcubethemes.com/scholary/img/icon/award-btn-icon.png]
[htmldemo.zcubethemes.com/scholary/img/features/about_img_02.png]
[htmldemo.zcubethemes.com/scholary/img/features/ab-ani-01.png]
[htmldemo.zcubethemes.com/scholary/img/bg/services-bg.png]
[htmldemo.zcubethemes.com/scholary/img/bg/services-img.png]
[htmldemo.zcubethemes.com/scholary/img/icon/sve-icon7.png]
[htmldemo.zcubethemes.com/scholary/img/icon/sve-icon8.png]
[htmldemo.zcubethemes.com/scholary/img/icon/sve-icon9.png]
[htmldemo.zcubethemes.com/scholary/img/icon/sve-icon10.png]
[htmldemo.zcubethemes.com/scholary/img/bg/choose-bg2.2f.delayed]
[htmldemo.zcubethemes.com/scholary/img/features/qucik-img.png]
[htmldemo.zcubethemes.com/scholary/img/bg/cta_bg.png]
[htmldemo.zcubethemes.com/scholary/img/bg/play-button.png]
[htmldemo.zcubethemes.com/scholary/img/bg/newslater-img.png]
[htmldemo.zcubethemes.com/scholary/img/icon/event-icon-01.png]
[htmldemo.zcubethemes.com/scholary/img/icon/event-icon-02.png]
[htmldemo.zcubethemes.com/scholary/img/icon/event-icon-03.png]
[htmldemo.zcubethemes.com/scholary/img/icon/event-icon-04.png]
[htmldemo.zcubethemes.com/scholary/img/icon/event-icon-05.png]
[htmldemo.zcubethemes.com/scholary/img/icon/event-icon-06.png]
[htmldemo.zcubethemes.com/scholary/img/bg/benefits-img.png]
[htmldemo.zcubethemes.com/scholary/img/gallery/protfolio-three-img01.png]
[htmldemo.zcubethemes.com/scholary/img/gallery/protfolio-three-img02.png]
[htmldemo.zcubethemes.com/scholary/img/gallery/protfolio-three-img03.png]
[htmldemo.zcubethemes.com/scholary/img/bg/search_bg.png]
[htmldemo.zcubethemes.com/scholary/img/blog/inner_b1.jpg]
[htmldemo.zcubethemes.com/scholary/img/blog/inner_b2.jpg]
[htmldemo.zcubethemes.com/scholary/img/blog/inner_b3.jpg]
[htmldemo.zcubethemes.com/scholary/img/logo/f_logo.png]
[htmldemo.zcubethemes.com/scholary/img/blog/s-blogimg-01.png]
[htmldemo.zcubethemes.com/scholary/img/blog/s-blogimg-02.png]
[htmldemo.zcubethemes.com/scholary/js/vendor/modernizr-3.5.0.min.js]
[htmldemo.zcubethemes.com/scholary/js/vendor/jquery.min.js]
[htmldemo.zcubethemes.com/scholary/js/popper.min.js]
[htmldemo.zcubethemes.com/scholary/js/bootstrap.min.js]
[htmldemo.zcubethemes.com/scholary/js/slick.min.js]
[htmldemo.zcubethemes.com/scholary/js/ajax-form.js]
[htmldemo.zcubethemes.com/scholary/js/paroller.js]
[htmldemo.zcubethemes.com/scholary/js/wow.min.js]
[htmldemo.zcubethemes.com/scholary/js/js_isotope.pkgd.min.js]
[htmldemo.zcubethemes.com/scholary/js/imagesloaded.min.js]
[htmldemo.zcubethemes.com/scholary/js/parallax.min.js]
[htmldemo.zcubethemes.com/scholary/js/jquery.waypoints.min.js]
[htmldemo.zcubethemes.com/scholary/js/jquery.counterup.min.js]
[htmldemo.zcubethemes.com/scholary/js/jquery.scrollUp.min.js]
[htmldemo.zcubethemes.com/scholary/js/jquery.meanmenu.min.js]
[htmldemo.zcubethemes.com/scholary/js/parallax-scroll.js]
[htmldemo.zcubethemes.com/scholary/js/jquery.magnific-popup.min.js]
[htmldemo.zcubethemes.com/scholary/js/element-in-view.js]
[htmldemo.zcubethemes.com/scholary/js/main.js]
[htmldemo.zcubethemes.com/scholary/index.html]
[htmldemo.zcubethemes.com/scholary/css/bootstrap.min.css]
[htmldemo.zcubethemes.com/scholary/css/animate.min.css]
[htmldemo.zcubethemes.com/scholary/css/magnific-popup.css]
[htmldemo.zcubethemes.com/scholary/fontawesome/webfonts/fa-brands-400.woff2]
[htmldemo.zcubethemes.com/scholary/fontawesome/webfonts/fa-brands-400.ttf]
[htmldemo.zcubethemes.com/scholary/fontawesome/webfonts/fa-duotone-900.woff2]
[htmldemo.zcubethemes.com/scholary/fontawesome/webfonts/fa-duotone-900.ttf]
[htmldemo.zcubethemes.com/scholary/fontawesome/webfonts/fa-light-300.woff2]
[htmldemo.zcubethemes.com/scholary/fontawesome/webfonts/fa-light-300.ttf]
[htmldemo.zcubethemes.com/scholary/fontawesome/webfonts/fa-regular-400.woff2]
[htmldemo.zcubethemes.com/scholary/fontawesome/webfonts/fa-regular-400.ttf]
[htmldemo.zcubethemes.com/scholary/fontawesome/webfonts/fa-solid-900.woff2]
[htmldemo.zcubethemes.com/scholary/fontawesome/webfonts/fa-solid-900.ttf]
[htmldemo.zcubethemes.com/scholary/fontawesome/webfonts/fa-thin-100.woff2]
[htmldemo.zcubethemes.com/scholary/fontawesome/webfonts/fa-thin-100.ttf]
[htmldemo.zcubethemes.com/scholary/fontawesome/webfonts/fa-v4compatibility.woff2]
[htmldemo.zcubethemes.com/scholary/fontawesome/webfonts/fa-v4compatibility.ttf]
[htmldemo.zcubethemes.com/scholary/fontawesome/css/all.min.css]
[htmldemo.zcubethemes.com/scholary/fonts/dripicons-v2.eot]
[htmldemo.zcubethemes.com/scholary/fonts/dripicons-v2d41d.eot]
[htmldemo.zcubethemes.com/scholary/fonts/dripicons-v2.woff]
[htmldemo.zcubethemes.com/scholary/fonts/dripicons-v2.ttf]
[htmldemo.zcubethemes.com/scholary/css/dripicons.css]
[htmldemo.zcubethemes.com/scholary/css/slick.css]
[htmldemo.zcubethemes.com/scholary/css/meanmenu.css]
[htmldemo.zcubethemes.com/scholary/css/default.css]
[htmldemo.zcubethemes.com/scholary/img/bg/active-dote.6b.delayed]
[htmldemo.zcubethemes.com/scholary/img/bg/dote.6c.delayed]
[htmldemo.zcubethemes.com/scholary/images/quote_bg.6d.delayed]
[htmldemo.zcubethemes.com/scholary/css/style.css]
[htmldemo.zcubethemes.com/scholary/css/responsive.css]
[htmldemo.zcubethemes.com/scholary/img/logo/logo2.png]
[htmldemo.zcubethemes.com/scholary/img/bg/slider_shape01.png]
[htmldemo.zcubethemes.com/scholary/img/slider/slider_img02.png]
[htmldemo.zcubethemes.com/scholary/img/bg/slider_shape04.png]
[htmldemo.zcubethemes.com/scholary/img/icon/sve-icon1.png]
[htmldemo.zcubethemes.com/scholary/img/icon/sve-icon2.png]
[htmldemo.zcubethemes.com/scholary/img/icon/sve-icon3.png]
[htmldemo.zcubethemes.com/scholary/img/bg/slider_shape03.png]
[htmldemo.zcubethemes.com/scholary/img/features/about_img_03.png]
[htmldemo.zcubethemes.com/scholary/img/bg/an-img-11.png]
[htmldemo.zcubethemes.com/scholary/img/bg/an-img-12.png]
[htmldemo.zcubethemes.com/scholary/img/class/class-1.jpg]
[htmldemo.zcubethemes.com/scholary/img/class/class-2.jpg]
[htmldemo.zcubethemes.com/scholary/img/class/class-3.jpg]
[htmldemo.zcubethemes.com/scholary/img/class/class-4.jpg]
[htmldemo.zcubethemes.com/scholary/img/bg/slider_shape05.png]
[htmldemo.zcubethemes.com/scholary/img/bg/faq-img.png]
[htmldemo.zcubethemes.com/scholary/img/bg/testimonial-bg.png]
[htmldemo.zcubethemes.com/scholary/img/testimonial/qt-icon.png]
[htmldemo.zcubethemes.com/scholary/img/testimonial/testi_avatar.png]
[htmldemo.zcubethemes.com/scholary/img/bg/test-icon-01.png]
[htmldemo.zcubethemes.com/scholary/img/testimonial/qt-icon-02.png]
[htmldemo.zcubethemes.com/scholary/img/testimonial/testi_avatar_02.png]
[htmldemo.zcubethemes.com/scholary/img/bg/test-icon-02.png]
[htmldemo.zcubethemes.com/scholary/img/bg/slider_shape06.png]
[htmldemo.zcubethemes.com/scholary/img/team/team01.png]
[htmldemo.zcubethemes.com/scholary/img/team/team02.png]
[htmldemo.zcubethemes.com/scholary/img/team/team03.png]
[htmldemo.zcubethemes.com/scholary/img/team/team04.png]
[htmldemo.zcubethemes.com/scholary/img/bg/cta_bg2.png]
[htmldemo.zcubethemes.com/scholary/img/bg/play-button2.png]
[htmldemo.zcubethemes.com/scholary/img/bg/c-object.8d.delayed]
[htmldemo.zcubethemes.com/scholary/img/blog/inner_b4.jpg]
[htmldemo.zcubethemes.com/scholary/img/blog/inner_b5.jpg]
[htmldemo.zcubethemes.com/scholary/img/blog/inner_b6.jpg]
[htmldemo.zcubethemes.com/scholary/img/bg/newslater-img2.png]
[htmldemo.zcubethemes.com/scholary/index-2.html]
[htmldemo.zcubethemes.com/scholary/img/slider/slider_img03.png]
[htmldemo.zcubethemes.com/scholary/img/slider/slider_shape02.png]
[htmldemo.zcubethemes.com/scholary/img/slider/slider_shape03.png]
[htmldemo.zcubethemes.com/scholary/img/slider/slider_img04.png]
[htmldemo.zcubethemes.com/scholary/img/bg/slider_shape09.png]
[htmldemo.zcubethemes.com/scholary/img/bg/slider_shape07.png]
[htmldemo.zcubethemes.com/scholary/img/bg/slider_shape08.png]
[htmldemo.zcubethemes.com/scholary/img/features/about_img_04.png]
[htmldemo.zcubethemes.com/scholary/img/icon/book-icon-01.png]
[htmldemo.zcubethemes.com/scholary/img/bg/newslater-bg.png]
[htmldemo.zcubethemes.com/scholary/img/bg/slider_shape10.png]
[htmldemo.zcubethemes.com/scholary/img/bg/slider_shape11.png]
[htmldemo.zcubethemes.com/scholary/img/features/skill_img.png]
[htmldemo.zcubethemes.com/scholary/img/icon/skill-icon-01.png]
[htmldemo.zcubethemes.com/scholary/img/icon/skill-icon-02.png]
[htmldemo.zcubethemes.com/scholary/img/icon/skill-icon-03.png]
[htmldemo.zcubethemes.com/scholary/img/icon/skill-icon-04.png]
[htmldemo.zcubethemes.com/scholary/img/gallery/gallery-img-1.png]
[htmldemo.zcubethemes.com/scholary/img/gallery/gallery-img-2.png]
[htmldemo.zcubethemes.com/scholary/img/gallery/gallery-img-3.png]
[htmldemo.zcubethemes.com/scholary/img/gallery/gallery-img-4.png]
[htmldemo.zcubethemes.com/scholary/img/gallery/gallery-img-5.png]
[htmldemo.zcubethemes.com/scholary/img/brand/b-logo1.png]
[htmldemo.zcubethemes.com/scholary/img/brand/b-logo2.png]
[htmldemo.zcubethemes.com/scholary/img/brand/b-logo3.png]
[htmldemo.zcubethemes.com/scholary/img/brand/b-logo4.png]
[htmldemo.zcubethemes.com/scholary/img/brand/b-logo5.png]
[htmldemo.zcubethemes.com/scholary/img/bg/slider_shape13.png]
[htmldemo.zcubethemes.com/scholary/img/bg/slider_shape12.png]
[htmldemo.zcubethemes.com/scholary/img/bg/benefits-img2.png]
[htmldemo.zcubethemes.com/scholary/img/bg/slider_shape14.png]
[htmldemo.zcubethemes.com/scholary/img/bg/slider_shape15.png]
[htmldemo.zcubethemes.com/scholary/img/icon/price-icon-01.png]
[htmldemo.zcubethemes.com/scholary/img/icon/price-icon-02.png]
[htmldemo.zcubethemes.com/scholary/img/icon/price-icon-03.png]
[htmldemo.zcubethemes.com/scholary/img/bg/video-img.png]
[htmldemo.zcubethemes.com/scholary/img/bg/play-button3.png]
[htmldemo.zcubethemes.com/scholary/img/blog/inner_b7.jpg]
[htmldemo.zcubethemes.com/scholary/img/bg/slider_shape16.png]
[htmldemo.zcubethemes.com/scholary/index-3.html]
[htmldemo.zcubethemes.com/scholary/img/bg/bdrc-bg.png]
[htmldemo.zcubethemes.com/scholary/about.html]
[htmldemo.zcubethemes.com/scholary/img/bg/newslater-img4.png]
[htmldemo.zcubethemes.com/scholary/courses.html]
[htmldemo.zcubethemes.com/scholary/img/class/class-10.jpg]
[htmldemo.zcubethemes.com/scholary/img/bg/testi_avatar.png]
[htmldemo.zcubethemes.com/scholary/img/bg/star.png]
[htmldemo.zcubethemes.com/scholary/img/class/class-8.jpg]
[htmldemo.zcubethemes.com/scholary/img/class/class-12.jpg]
[htmldemo.zcubethemes.com/scholary/img/class/class-7.jpg]
[htmldemo.zcubethemes.com/scholary/img/class/class-11.jpg]
[htmldemo.zcubethemes.com/scholary/img/class/class-9.jpg]
[htmldemo.zcubethemes.com/scholary/courses-2.html]
[htmldemo.zcubethemes.com/scholary/img/bg/teacher-small-img-01.png]
[htmldemo.zcubethemes.com/scholary/img/bg/coures-details-img-01.png]
[htmldemo.zcubethemes.com/scholary/img/icon/c-d-icon1.png]
[htmldemo.zcubethemes.com/scholary/img/icon/c-d-icon2.png]
[htmldemo.zcubethemes.com/scholary/img/bg/coures-details-img-02.png]
[htmldemo.zcubethemes.com/scholary/single-courses.html]
[htmldemo.zcubethemes.com/scholary/single-courses-2.html]
[htmldemo.zcubethemes.com/scholary/img/gallery/gallery-img-6.png]
[htmldemo.zcubethemes.com/scholary/img/gallery/gallery-img-7.png]
[htmldemo.zcubethemes.com/scholary/img/gallery/gallery-img-8.png]
[htmldemo.zcubethemes.com/scholary/img/gallery/gallery-img-9.png]
[htmldemo.zcubethemes.com/scholary/projects.html]
[htmldemo.zcubethemes.com/scholary/img/gallery/gallery-details-img-01.png]
[htmldemo.zcubethemes.com/scholary/js/jquery.countdown.min.js]
[htmldemo.zcubethemes.com/scholary/single-projects.html]
[htmldemo.zcubethemes.com/scholary/img/bg/slider_shape17.png]
[htmldemo.zcubethemes.com/scholary/img/bg/event-img-01.png]
[htmldemo.zcubethemes.com/scholary/img/bg/slider_shape18.png]
[htmldemo.zcubethemes.com/scholary/event.html]
[htmldemo.zcubethemes.com/scholary/img/bg/event-img-02.png]
[htmldemo.zcubethemes.com/scholary/img/bg/video-img-01.png]
[htmldemo.zcubethemes.com/scholary/single-event.html]
[htmldemo.zcubethemes.com/scholary/pricing.html]
[htmldemo.zcubethemes.com/scholary/img/bg/video-img3.png]
[htmldemo.zcubethemes.com/scholary/faq.html]
[htmldemo.zcubethemes.com/scholary/img/team/team05.png]
[htmldemo.zcubethemes.com/scholary/img/team/team06.png]
[htmldemo.zcubethemes.com/scholary/team.html]
[htmldemo.zcubethemes.com/scholary/img/team/team-deatils-img-01.png]
[htmldemo.zcubethemes.com/scholary/img/team/team-d-img01.png]
[htmldemo.zcubethemes.com/scholary/team-single.html]
[htmldemo.zcubethemes.com/scholary/img/bg/404-img.png]
[htmldemo.zcubethemes.com/scholary/404-error.html]
[htmldemo.zcubethemes.com/scholary/img/bg/quote_bg.png]
[htmldemo.zcubethemes.com/scholary/img/icon/blockquote.png]
[htmldemo.zcubethemes.com/scholary/blog.html]
[htmldemo.zcubethemes.com/scholary/img/blog/b_details01.jpg]
[htmldemo.zcubethemes.com/scholary/img/blog/b_details02.jpg]
[htmldemo.zcubethemes.com/scholary/img/icon/c_d01.png]
[htmldemo.zcubethemes.com/scholary/img/blog/b_details03.jpg]
[htmldemo.zcubethemes.com/scholary/img/blog/b_details04.jpg]
[htmldemo.zcubethemes.com/scholary/img/blog/comment/avatar.png]
[htmldemo.zcubethemes.com/scholary/img/blog/comment/c_01.png]
[htmldemo.zcubethemes.com/scholary/img/blog/comment/c_02.png]
[htmldemo.zcubethemes.com/scholary/img/blog/comment/c_03.png]
[htmldemo.zcubethemes.com/scholary/blog-details.html]
[htmldemo.zcubethemes.com/scholary/img/bg/contact-img.png]
[htmldemo.zcubethemes.com/scholary/img/bg/contact-icon01.png]
[htmldemo.zcubethemes.com/scholary/img/bg/contact-icon02.png]
[htmldemo.zcubethemes.com/scholary/img/bg/contact-icon03.png]
[htmldemo.zcubethemes.com/scholary/contact.html]
[htmldemo.zcubethemes.com/scholary/img/bg/choose-bg2.html]
[htmldemo.zcubethemes.com/scholary/fonts/dripicons-v2.svg]
[htmldemo.zcubethemes.com/scholary/img/bg/active-dote.html]
[htmldemo.zcubethemes.com/scholary/img/bg/dote.html]
[htmldemo.zcubethemes.com/scholary/images/quote_bg.html]
[htmldemo.zcubethemes.com/scholary/img/bg/c-object.html]
